
> flashweb@0.1.0 build
> next build

   ▲ Next.js 15.3.5
   - Environments: .env.local

   Creating an optimized production build ...
 ✓ Compiled successfully in 2000ms
   Linting and checking validity of types ...

Failed to compile.

./app/dashboard/page.tsx
26:6  Warning: React Hook useEffect has a missing dependency: 'checkUser'. Either include it or remove the dependency array.  react-hooks/exhaustive-deps
32:6  Warning: React Hook useEffect has a missing dependency: 'loadStats'. Either include it or remove the dependency array.  react-hooks/exhaustive-deps

./app/layout.tsx
24:9  Warning: Custom fonts not added in `pages/_document.js` will only load for a single page. This is discouraged. See: https://nextjs.org/docs/messages/no-page-custom-font  @next/next/no-page-custom-font

./app/library/page.tsx
108:43  Error: Unexpected any. Specify a different type.  @typescript-eslint/no-explicit-any

./components/StudySession.tsx
39:6  Warning: React Hook useEffect has a missing dependency: 'loadFlashcards'. Either include it or remove the dependency array.  react-hooks/exhaustive-deps
71:15  Error: Unexpected any. Specify a different type.  @typescript-eslint/no-explicit-any

./lib/flashcards.ts
11:40  Error: 'userId' is defined but never used.  @typescript-eslint/no-unused-vars
41:41  Error: '_attempts' is defined but never used.  @typescript-eslint/no-unused-vars

./lib/types.ts
6:11  Error: Unexpected any. Specify a different type.  @typescript-eslint/no-explicit-any
10:14  Error: Unexpected any. Specify a different type.  @typescript-eslint/no-explicit-any
57:19  Error: Unexpected any. Specify a different type.  @typescript-eslint/no-explicit-any

info  - Need to disable some ESLint rules? Learn more here: https://nextjs.org/docs/app/api-reference/config/eslint#disabling-rules
